[ddiawara.strikingly.com/index.html]
[backblue.gif]
[fade.gif]
[index.html]
[assets.strikingly.com/assets/themes/onyx_new/main_show-2b1397281ea1052c024cb6ea2f6ce3e2.css]
[d15qhc0lu1ghnk.cloudfront.net/beacon.js]
[res.cloudinary.com/hrscywv4p/image/upload/v1433462819/77a3f0ceb79714df747df1c08af349d1.jpg]
[assets.strikingly.com/assets/icons/transparent.png]
[assets.strikingly.com/assets/icons/transparent-8a2df5bc39c810f9b0113ea70957e60c.png]
[assets.strikingly.com/assets/icons/contact-form-brand-7fcf2a4947ece04716a70e6664cda082.png]
[assets.strikingly.com/assets/logo-small-2-25a00e319c5b546a4e1e882bb77f1291.png]
[assets.strikingly.com/assets/ecommerce-footer-logo-7c21c211491edc7048c8ec9f0d8aaf65.png]
[assets.strikingly.com/assets/bobcat/show_init-4d42be350ea625c3786d033a77918eee.js]
[ddiawara.strikingly.com/index.html]
[assets.strikingly.com/assets/editor2/darken25-767a79af09c724c974d793e719a97680.png]
[assets.strikingly.com/assets/themes/pitch_new/paddle_prev_fff-c803e0176a2ffd1aa4252dd652370a2d.png]
[assets.strikingly.com/assets/themes/onyx_new/main_show-2b1397281ea1052c024cb6ea2f6ce3e2.css]
[d15qhc0lu1ghnk.cloudfront.net/beacon.js]
[ajax-assets.strikingly.com/ajax/libs/jquery/1.10.0/jquery.min.js]
[assets.strikingly.com/assets/jquery-360b89d4a98b7318be668d1028f31939.js]
[assets.strikingly.com/assets/themes/onyx_new/main_static-6f8028994acb8ea772ea304df9a3caab.js]
[uploads.strikinglycdn.com/static/backgrounds/striking-pack-1/18.jpg]
